mode: count
github.com/configuration-management-tool/mock/pkg/go-bootloaders/grub/grub.go:12.34,14.16 2 4
github.com/configuration-management-tool/mock/pkg/go-bootloaders/grub/grub.go:14.16,16.3 1 1
github.com/configuration-management-tool/mock/pkg/go-bootloaders/grub/grub.go:17.2,20.60 4 3
github.com/configuration-management-tool/mock/pkg/go-bootloaders/grub/grub.go:26.39,28.2 1 0
github.com/configuration-management-tool/mock/pkg/go-bootloaders/grub/grub.go:32.49,33.26 1 12
github.com/configuration-management-tool/mock/pkg/go-bootloaders/grub/grub.go:33.26,35.3 1 1
github.com/configuration-management-tool/mock/pkg/go-bootloaders/grub/grub.go:36.2,38.17 3 11
github.com/configuration-management-tool/mock/pkg/go-bootloaders/grub/grub.go:38.17,40.3 1 0
github.com/configuration-management-tool/mock/pkg/go-bootloaders/grub/grub.go:41.2,43.6 3 11
github.com/configuration-management-tool/mock/pkg/go-bootloaders/grub/grub.go:43.6,45.13 2 11
github.com/configuration-management-tool/mock/pkg/go-bootloaders/grub/grub.go:45.13,47.4 1 0
github.com/configuration-management-tool/mock/pkg/go-bootloaders/grub/grub.go:48.3,50.7 3 11
github.com/configuration-management-tool/mock/pkg/go-bootloaders/grub/grub.go:50.7,52.15 2 17
github.com/configuration-management-tool/mock/pkg/go-bootloaders/grub/grub.go:52.15,53.10 1 11
github.com/configuration-management-tool/mock/pkg/go-bootloaders/grub/grub.go:55.4,57.26 3 6
github.com/configuration-management-tool/mock/pkg/go-bootloaders/grub/grub.go:59.3,59.21 1 11
github.com/configuration-management-tool/mock/pkg/go-bootloaders/grub/grub.go:59.21,61.4 1 11
github.com/configuration-management-tool/mock/pkg/go-bootloaders/grub/grub.go:62.3,62.32 1 0
github.com/configuration-management-tool/mock/pkg/go-bootloaders/grub/grub.go:71.91,72.21 1 0
github.com/configuration-management-tool/mock/pkg/go-bootloaders/grub/grub.go:72.21,74.3 1 0
github.com/configuration-management-tool/mock/pkg/go-bootloaders/grub/grub.go:75.2,76.30 2 0
github.com/configuration-management-tool/mock/pkg/go-bootloaders/grub/grub.go:76.30,78.3 1 0
github.com/configuration-management-tool/mock/pkg/go-bootloaders/grub/grub.go:79.2,80.16 2 0
github.com/configuration-management-tool/mock/pkg/go-bootloaders/grub/grub.go:80.16,82.3 1 0
github.com/configuration-management-tool/mock/pkg/go-bootloaders/grub/grub.go:83.2,85.48 3 0
github.com/configuration-management-tool/mock/pkg/go-bootloaders/grub/grub.go:85.48,87.3 1 0
github.com/configuration-management-tool/mock/pkg/go-bootloaders/grub/grub.go:88.2,88.12 1 0
github.com/configuration-management-tool/mock/pkg/go-bootloaders/grub/grub.go:94.54,95.21 1 0
github.com/configuration-management-tool/mock/pkg/go-bootloaders/grub/grub.go:95.21,97.3 1 0
github.com/configuration-management-tool/mock/pkg/go-bootloaders/grub/grub.go:98.2,99.16 2 0
github.com/configuration-management-tool/mock/pkg/go-bootloaders/grub/grub.go:99.16,101.3 1 0
github.com/configuration-management-tool/mock/pkg/go-bootloaders/grub/grub.go:102.2,103.46 2 0
github.com/configuration-management-tool/mock/pkg/go-bootloaders/grub/grub.go:103.46,105.3 1 0
github.com/configuration-management-tool/mock/pkg/go-bootloaders/grub/grub.go:107.2,107.62 1 0
github.com/configuration-management-tool/mock/pkg/go-bootloaders/grub/grub.go:107.62,109.3 1 0
github.com/configuration-management-tool/mock/pkg/go-bootloaders/grub/grub.go:110.2,110.12 1 0
github.com/configuration-management-tool/mock/pkg/go-bootloaders/grub/grub_patch.go:8.53,9.38 1 20
github.com/configuration-management-tool/mock/pkg/go-bootloaders/grub/grub_patch.go:9.38,11.3 1 10
github.com/configuration-management-tool/mock/pkg/go-bootloaders/grub/grub_patch.go:12.2,14.26 3 10
github.com/configuration-management-tool/mock/pkg/go-bootloaders/grub/grub_patch.go:14.26,15.16 1 32
github.com/configuration-management-tool/mock/pkg/go-bootloaders/grub/grub_patch.go:15.16,16.12 1 10
github.com/configuration-management-tool/mock/pkg/go-bootloaders/grub/grub_patch.go:18.3,18.23 1 22
github.com/configuration-management-tool/mock/pkg/go-bootloaders/grub/grub_patch.go:20.2,20.31 1 10
github.com/configuration-management-tool/mock/pkg/go-bootloaders/grub/grub_patch.go:27.47,30.26 3 9
github.com/configuration-management-tool/mock/pkg/go-bootloaders/grub/grub_patch.go:30.26,32.20 2 19
github.com/configuration-management-tool/mock/pkg/go-bootloaders/grub/grub_patch.go:32.20,33.12 1 6
github.com/configuration-management-tool/mock/pkg/go-bootloaders/grub/grub_patch.go:35.3,35.85 1 13
github.com/configuration-management-tool/mock/pkg/go-bootloaders/grub/grub_patch.go:35.85,38.24 3 7
github.com/configuration-management-tool/mock/pkg/go-bootloaders/grub/grub_patch.go:38.24,39.13 1 0
github.com/configuration-management-tool/mock/pkg/go-bootloaders/grub/grub_patch.go:41.4,43.23 3 7
github.com/configuration-management-tool/mock/pkg/go-bootloaders/grub/grub_patch.go:43.23,45.5 1 7
github.com/configuration-management-tool/mock/pkg/go-bootloaders/grub/grub_patch.go:47.4,50.27 3 7
github.com/configuration-management-tool/mock/pkg/go-bootloaders/grub/grub_patch.go:50.27,51.51 1 2
github.com/configuration-management-tool/mock/pkg/go-bootloaders/grub/grub_patch.go:51.51,52.23 1 1
github.com/configuration-management-tool/mock/pkg/go-bootloaders/grub/grub_patch.go:52.23,54.7 1 0
github.com/configuration-management-tool/mock/pkg/go-bootloaders/grub/grub_patch.go:54.12,56.7 1 1
github.com/configuration-management-tool/mock/pkg/go-bootloaders/grub/grub_patch.go:58.10,59.51 1 5
github.com/configuration-management-tool/mock/pkg/go-bootloaders/grub/grub_patch.go:59.51,60.23 1 4
github.com/configuration-management-tool/mock/pkg/go-bootloaders/grub/grub_patch.go:60.23,62.7 1 0
github.com/configuration-management-tool/mock/pkg/go-bootloaders/grub/grub_patch.go:62.12,64.7 1 4
github.com/configuration-management-tool/mock/pkg/go-bootloaders/grub/grub_patch.go:66.5,66.51 1 5
github.com/configuration-management-tool/mock/pkg/go-bootloaders/grub/grub_patch.go:66.51,67.23 1 4
github.com/configuration-management-tool/mock/pkg/go-bootloaders/grub/grub_patch.go:67.23,69.7 1 0
github.com/configuration-management-tool/mock/pkg/go-bootloaders/grub/grub_patch.go:69.12,71.7 1 4
github.com/configuration-management-tool/mock/pkg/go-bootloaders/grub/grub_patch.go:74.4,76.21 3 7
github.com/configuration-management-tool/mock/pkg/go-bootloaders/grub/grub_patch.go:76.21,78.5 1 7
github.com/configuration-management-tool/mock/pkg/go-bootloaders/grub/grub_patch.go:79.4,79.19 1 7
github.com/configuration-management-tool/mock/pkg/go-bootloaders/grub/grub_patch.go:82.2,82.15 1 9
github.com/configuration-management-tool/mock/pkg/go-bootloaders/grub/grub_patch.go:82.15,84.3 1 2
github.com/configuration-management-tool/mock/pkg/go-bootloaders/grub/grub_patch.go:85.2,85.34 1 7
github.com/configuration-management-tool/mock/pkg/go-bootloaders/grub/grub_patch.go:91.52,98.26 6 5
github.com/configuration-management-tool/mock/pkg/go-bootloaders/grub/grub_patch.go:98.26,100.58 2 9
github.com/configuration-management-tool/mock/pkg/go-bootloaders/grub/grub_patch.go:100.58,103.12 3 2
github.com/configuration-management-tool/mock/pkg/go-bootloaders/grub/grub_patch.go:105.3,105.64 1 7
github.com/configuration-management-tool/mock/pkg/go-bootloaders/grub/grub_patch.go:105.64,108.12 3 2
github.com/configuration-management-tool/mock/pkg/go-bootloaders/grub/grub_patch.go:111.2,111.20 1 5
github.com/configuration-management-tool/mock/pkg/go-bootloaders/grub/grub_patch.go:111.20,113.3 1 3
github.com/configuration-management-tool/mock/pkg/go-bootloaders/grub/grub_patch.go:114.2,114.19 1 5
github.com/configuration-management-tool/mock/pkg/go-bootloaders/grub/grub_patch.go:114.19,116.3 1 3
github.com/configuration-management-tool/mock/pkg/go-bootloaders/grub/grub_patch.go:117.2,117.34 1 5
